15:00:51 **** Clean-only build of configuration Debug for project CMSIS_CORE_LPC17xx ****
make -r clean 
rm -rf  ./src/cr_startup_lpc17.o ./src/main.o ./src/system_LPC17xx.o ./src/uart.o  ./src/cr_startup_lpc17.d ./src/main.d ./src/system_LPC17xx.d ./src/uart.d  libCMSIS_CORE_LPC17xx.a
 
15:00:52 **** Build of configuration Debug for project CMSIS_CORE_LPC17xx ****
make -r all 
Building file: ../src/cr_startup_lpc17.c
Invoking: MCU C Compiler
arm-none-eabi-gcc -D__REDLIB__ -DDEBUG -D__CODE_RED -D__USE_CMSIS=CMSIS_CORE_LPC17xx -I"/Users/haoyuanwang/Documents/MCUXpressoIDE_10.3.0/workspace5/CMSIS_CORE_LPC17xx/inc" -Os -g3 -Wall -c -fmessage-length=0 -fno-builtin -ffunction-sections -fdata-sections -mcpu=cortex-m3 -mthumb -D__REDLIB__ -specs=redlib.specs -MMD -MP -MF"src/cr_startup_lpc17.d" -MT"src/cr_startup_lpc17.o" -MT"src/cr_startup_lpc17.d" -o "src/cr_startup_lpc17.o" "../src/cr_startup_lpc17.c"
Finished building: ../src/cr_startup_lpc17.c
 
Building file: ../src/main.c
Invoking: MCU C Compiler
arm-none-eabi-gcc -D__REDLIB__ -DDEBUG -D__CODE_RED -D__USE_CMSIS=CMSIS_CORE_LPC17xx -I"/Users/haoyuanwang/Documents/MCUXpressoIDE_10.3.0/workspace5/CMSIS_CORE_LPC17xx/inc" -Os -g3 -Wall -c -fmessage-length=0 -fno-builtin -ffunction-sections -fdata-sections -mcpu=cortex-m3 -mthumb -D__REDLIB__ -specs=redlib.specs -MMD -MP -MF"src/main.d" -MT"src/main.o" -MT"src/main.d" -o "src/main.o" "../src/main.c"
../src/main.c: In function 'main':
../src/main.c:53:7: warning: unused variable 'i' [-Wunused-variable]
   int i =0;
       ^
Finished building: ../src/main.c
 
Building file: ../src/system_LPC17xx.c
Invoking: MCU C Compiler
arm-none-eabi-gcc -D__REDLIB__ -DDEBUG -D__CODE_RED -D__USE_CMSIS=CMSIS_CORE_LPC17xx -I"/Users/haoyuanwang/Documents/MCUXpressoIDE_10.3.0/workspace5/CMSIS_CORE_LPC17xx/inc" -Os -g3 -Wall -c -fmessage-length=0 -fno-builtin -ffunction-sections -fdata-sections -mcpu=cortex-m3 -mthumb -D__REDLIB__ -specs=redlib.specs -MMD -MP -MF"src/system_LPC17xx.d" -MT"src/system_LPC17xx.o" -MT"src/system_LPC17xx.d" -o "src/system_LPC17xx.o" "../src/system_LPC17xx.c"
Finished building: ../src/system_LPC17xx.c
 
Building file: ../src/uart.c
Invoking: MCU C Compiler
arm-none-eabi-gcc -D__REDLIB__ -DDEBUG -D__CODE_RED -D__USE_CMSIS=CMSIS_CORE_LPC17xx -I"/Users/haoyuanwang/Documents/MCUXpressoIDE_10.3.0/workspace5/CMSIS_CORE_LPC17xx/inc" -Os -g3 -Wall -c -fmessage-length=0 -fno-builtin -ffunction-sections -fdata-sections -mcpu=cortex-m3 -mthumb -D__REDLIB__ -specs=redlib.specs -MMD -MP -MF"src/uart.d" -MT"src/uart.o" -MT"src/uart.d" -o "src/uart.o" "../src/uart.c"
Finished building: ../src/uart.c
 
Building target: libCMSIS_CORE_LPC17xx.a
Invoking: MCU Archiver
arm-none-eabi-ar -r  "libCMSIS_CORE_LPC17xx.a"  ./src/cr_startup_lpc17.o ./src/main.o ./src/system_LPC17xx.o ./src/uart.o   
arm-none-eabi-ar: creating libCMSIS_CORE_LPC17xx.a
Finished building target: libCMSIS_CORE_LPC17xx.a
 
make --no-print-directory post-build
Performing post-build steps
arm-none-eabi-size "libCMSIS_CORE_LPC17xx.a" ; # arm-none-eabi-objdump -h -S "libCMSIS_CORE_LPC17xx.a" >"libCMSIS_CORE_LPC17xx.lss"
   text	   data	    bss	    dec	    hex	filename
    296	      0	      0	    296	    128	cr_startup_lpc17.o (ex libCMSIS_CORE_LPC17xx.a)
     86	      0	      0	     86	     56	main.o (ex libCMSIS_CORE_LPC17xx.a)
    404	      4	      0	    408	    198	system_LPC17xx.o (ex libCMSIS_CORE_LPC17xx.a)
    936	      3	     12	    951	    3b7	uart.o (ex libCMSIS_CORE_LPC17xx.a)
 
15:00:52 **** Clean-only build of configuration Debug for project DrawLine ****
make -r -j7 clean 
rm -rf  ./src/cr_startup_lpc175x_6x.o ./src/crp.o ./src/final.o ./src/ssp.o  ./src/cr_startup_lpc175x_6x.d ./src/crp.d ./src/final.d ./src/ssp.d  DrawLine.axf
 
15:00:53 **** Build of configuration Debug for project DrawLine ****
make -r -j7 all 
Building file: ../src/cr_startup_lpc175x_6x.c
Building file: ../src/crp.c
Building file: ../src/final.c
Building file: ../src/ssp.c
Invoking: MCU C Compiler
Invoking: MCU C Compiler
arm-none-eabi-gcc -DDEBUG -D__CODE_RED -DCORE_M3 -D__USE_CMSIS=CMSIS_CORE_LPC17xx -D__LPC17XX__ -D__REDLIB__ -I"/Users/haoyuanwang/Documents/MCUXpressoIDE_10.3.0/workspace5/CMSIS_CORE_LPC17xx/inc" -O0 -fno-common -g3 -Wall -c -fmessage-length=0 -fno-builtin -ffunction-sections -fdata-sections -mcpu=cortex-m3 -mthumb -specs=redlib.specs -MMD -MP -MF"src/crp.d" -MT"src/crp.o" -MT"src/crp.d" -o "src/crp.o" "../src/crp.c"
Invoking: MCU C Compiler
../src/final.c: In function 'fillrect':
Invoking: MCU C Compiler
arm-none-eabi-gcc -DDEBUG -D__CODE_RED -DCORE_M3 -D__USE_CMSIS=CMSIS_CORE_LPC17xx -D__LPC17XX__ -D__REDLIB__ -I"/Users/haoyuanwang/Documents/MCUXpressoIDE_10.3.0/workspace5/CMSIS_CORE_LPC17xx/inc" -O0 -fno-common -g3 -Wall -c -fmessage-length=0 -fno-builtin -ffunction-sections -fdata-sections -mcpu=cortex-m3 -mthumb -specs=redlib.specs -MMD -MP -MF"src/final.d" -MT"src/final.o" -MT"src/final.d" -o "src/final.o" "../src/final.c"
arm-none-eabi-gcc -DDEBUG -D__CODE_RED -DCORE_M3 -D__USE_CMSIS=CMSIS_CORE_LPC17xx -D__LPC17XX__ -D__REDLIB__ -I"/Users/haoyuanwang/Documents/MCUXpressoIDE_10.3.0/workspace5/CMSIS_CORE_LPC17xx/inc" -O0 -fno-common -g3 -Wall -c -fmessage-length=0 -fno-builtin -ffunction-sections -fdata-sections -mcpu=cortex-m3 -mthumb -specs=redlib.specs -MMD -MP -MF"src/ssp.d" -MT"src/ssp.o" -MT"src/ssp.d" -o "src/ssp.o" "../src/ssp.c"
../src/final.c:176:10: warning: unused variable 'i' [-Wunused-variable]
  int16_t i;
          ^
../src/final.c: In function 'lcddelay':
../src/final.c:202:29: warning: statement with no effect [-Wunused-value]
  for ( i = count*ms; i--; i > 0);
arm-none-eabi-gcc -DDEBUG -D__CODE_RED -DCORE_M3 -D__USE_CMSIS=CMSIS_CORE_LPC17xx -D__LPC17XX__ -D__REDLIB__ -I"/Users/haoyuanwang/Documents/MCUXpressoIDE_10.3.0/workspace5/CMSIS_CORE_LPC17xx/inc" -O0 -fno-common -g3 -Wall -c -fmessage-length=0 -fno-builtin -ffunction-sections -fdata-sections -mcpu=cortex-m3 -mthumb -specs=redlib.specs -MMD -MP -MF"src/cr_startup_lpc175x_6x.d" -MT"src/cr_startup_lpc175x_6x.o" -MT"src/cr_startup_lpc175x_6x.d" -o "src/cr_startup_lpc175x_6x.o" "../src/cr_startup_lpc175x_6x.c"
                           ~~^~~
Finished building: ../src/crp.c
../src/final.c: In function 'diffuseReflectionLetter':
 
../src/final.c:549:9: warning: unused variable 'display_scaling' [-Wunused-variable]
Finished building: ../src/cr_startup_lpc175x_6x.c
     int display_scaling = 15000;
         ^~~~~~~~~~~~~~~
../src/final.c: In function 'interpolationWithLineDDA':
../src/final.c:598:41: warning: variable 'newy_bDiff_Pt' set but not used [-Wunused-but-set-variable]
     float newy_rDiff_Pt, newy_gDiff_Pt, newy_bDiff_Pt; //for interpolation
 
                                         ^~~~~~~~~~~~~
../src/final.c:598:26: warning: variable 'newy_gDiff_Pt' set but not used [-Wunused-but-set-variable]
     float newy_rDiff_Pt, newy_gDiff_Pt, newy_bDiff_Pt; //for interpolation
                          ^~~~~~~~~~~~~
../src/final.c:597:41: warning: variable 'newx_bDiff_Pt' set but not used [-Wunused-but-set-variable]
     float newx_rDiff_Pt, newx_gDiff_Pt, newx_bDiff_Pt; //for interpolation
                                         ^~~~~~~~~~~~~
../src/final.c:597:26: warning: variable 'newx_gDiff_Pt' set but not used [-Wunused-but-set-variable]
     float newx_rDiff_Pt, newx_gDiff_Pt, newx_bDiff_Pt; //for interpolation
                          ^~~~~~~~~~~~~
../src/final.c:577:61: warning: variable 'right_bDiff_Pt' set but not used [-Wunused-but-set-variable]
     float right_rDiff_Pt[UpperBD], right_gDiff_Pt[UpperBD], right_bDiff_Pt[UpperBD];
                                                             ^~~~~~~~~~~~~~
../src/final.c:577:36: warning: variable 'right_gDiff_Pt' set but not used [-Wunused-but-set-variable]
     float right_rDiff_Pt[UpperBD], right_gDiff_Pt[UpperBD], right_bDiff_Pt[UpperBD];
                                    ^~~~~~~~~~~~~~
../src/final.c:577:11: warning: variable 'right_rDiff_Pt' set but not used [-Wunused-but-set-variable]
     float right_rDiff_Pt[UpperBD], right_gDiff_Pt[UpperBD], right_bDiff_Pt[UpperBD];
           ^~~~~~~~~~~~~~
../src/final.c:576:59: warning: variable 'left_bDiff_Pt' set but not used [-Wunused-but-set-variable]
     float left_rDiff_Pt[UpperBD], left_gDiff_Pt[UpperBD], left_bDiff_Pt[UpperBD];
                                                           ^~~~~~~~~~~~~
../src/final.c:576:35: warning: variable 'left_gDiff_Pt' set but not used [-Wunused-but-set-variable]
     float left_rDiff_Pt[UpperBD], left_gDiff_Pt[UpperBD], left_bDiff_Pt[UpperBD];
                                   ^~~~~~~~~~~~~
../src/final.c:576:11: warning: variable 'left_rDiff_Pt' set but not used [-Wunused-but-set-variable]
     float left_rDiff_Pt[UpperBD], left_gDiff_Pt[UpperBD], left_bDiff_Pt[UpperBD];
           ^~~~~~~~~~~~~
../src/final.c:575:55: warning: variable 'bDiff_Point' set but not used [-Wunused-but-set-variable]
     float rDiff_Point[UpperBD], gDiff_Point[UpperBD], bDiff_Point[UpperBD];
                                                       ^~~~~~~~~~~
../src/final.c: In function 'drawTree':
../src/final.c:827:6: warning: unused variable 'level' [-Wunused-variable]
  int level = 0;
      ^~~~~
Finished building: ../src/ssp.c
 
Finished building: ../src/final.c
 
Building target: DrawLine.axf
Invoking: MCU Linker
arm-none-eabi-gcc -nostdlib -L"/Users/haoyuanwang/Documents/MCUXpressoIDE_10.3.0/workspace5/CMSIS_CORE_LPC17xx/Debug" -Xlinker -Map="DrawLine.map" -Xlinker --gc-sections -Xlinker -print-memory-usage -mcpu=cortex-m3 -mthumb -T "DrawLine_Debug.ld" -o "DrawLine.axf"  ./src/cr_startup_lpc175x_6x.o ./src/crp.o ./src/final.o ./src/ssp.o   -lCMSIS_CORE_LPC17xx
Memory region         Used Size  Region Size  %age Used
       MFlash512:       35616 B       512 KB      6.79%
        RamLoc32:         784 B        32 KB      2.39%
        RamAHB32:          0 GB        32 KB      0.00%
Finished building target: DrawLine.axf
 
make --no-print-directory post-build
Performing post-build steps
arm-none-eabi-size "DrawLine.axf"; # arm-none-eabi-objcopy -v -O binary "DrawLine.axf" "DrawLine.bin" ; # checksum -p LPC1769 -d "DrawLine.bin";
   text	   data	    bss	    dec	    hex	filename
  35380	    236	    548	  36164	   8d44	DrawLine.axf
 
15:07:20 **** Incremental Build of configuration Debug for project CMSIS_CORE_LPC17xx ****
make -r all 
make: Nothing to be done for `all'.
15:07:20 **** Incremental Build of configuration Debug for project DrawLine ****
make -r -j7 all 
Building file: ../src/final.c
Invoking: MCU C Compiler
arm-none-eabi-gcc -DDEBUG -D__CODE_RED -DCORE_M3 -D__USE_CMSIS=CMSIS_CORE_LPC17xx -D__LPC17XX__ -D__REDLIB__ -I"/Users/haoyuanwang/Documents/MCUXpressoIDE_10.3.0/workspace5/CMSIS_CORE_LPC17xx/inc" -O0 -fno-common -g3 -Wall -c -fmessage-length=0 -fno-builtin -ffunction-sections -fdata-sections -mcpu=cortex-m3 -mthumb -specs=redlib.specs -MMD -MP -MF"src/final.d" -MT"src/final.o" -MT"src/final.d" -o "src/final.o" "../src/final.c"
../src/final.c: In function 'fillrect':
../src/final.c:176:10: warning: unused variable 'i' [-Wunused-variable]
  int16_t i;
          ^
../src/final.c: In function 'lcddelay':
../src/final.c:202:29: warning: statement with no effect [-Wunused-value]
  for ( i = count*ms; i--; i > 0);
                           ~~^~~
../src/final.c: In function 'diffuseReflectionLetter':
../src/final.c:549:9: warning: unused variable 'display_scaling' [-Wunused-variable]
     int display_scaling = 15000;
         ^~~~~~~~~~~~~~~
../src/final.c: In function 'interpolationWithLineDDA':
../src/final.c:598:41: warning: variable 'newy_bDiff_Pt' set but not used [-Wunused-but-set-variable]
     float newy_rDiff_Pt, newy_gDiff_Pt, newy_bDiff_Pt; //for interpolation
                                         ^~~~~~~~~~~~~
../src/final.c:598:26: warning: variable 'newy_gDiff_Pt' set but not used [-Wunused-but-set-variable]
     float newy_rDiff_Pt, newy_gDiff_Pt, newy_bDiff_Pt; //for interpolation
                          ^~~~~~~~~~~~~
../src/final.c:597:41: warning: variable 'newx_bDiff_Pt' set but not used [-Wunused-but-set-variable]
     float newx_rDiff_Pt, newx_gDiff_Pt, newx_bDiff_Pt; //for interpolation
                                         ^~~~~~~~~~~~~
../src/final.c:597:26: warning: variable 'newx_gDiff_Pt' set but not used [-Wunused-but-set-variable]
     float newx_rDiff_Pt, newx_gDiff_Pt, newx_bDiff_Pt; //for interpolation
                          ^~~~~~~~~~~~~
../src/final.c:577:61: warning: variable 'right_bDiff_Pt' set but not used [-Wunused-but-set-variable]
     float right_rDiff_Pt[UpperBD], right_gDiff_Pt[UpperBD], right_bDiff_Pt[UpperBD];
                                                             ^~~~~~~~~~~~~~
../src/final.c:577:36: warning: variable 'right_gDiff_Pt' set but not used [-Wunused-but-set-variable]
     float right_rDiff_Pt[UpperBD], right_gDiff_Pt[UpperBD], right_bDiff_Pt[UpperBD];
                                    ^~~~~~~~~~~~~~
../src/final.c:577:11: warning: variable 'right_rDiff_Pt' set but not used [-Wunused-but-set-variable]
     float right_rDiff_Pt[UpperBD], right_gDiff_Pt[UpperBD], right_bDiff_Pt[UpperBD];
           ^~~~~~~~~~~~~~
../src/final.c:576:59: warning: variable 'left_bDiff_Pt' set but not used [-Wunused-but-set-variable]
     float left_rDiff_Pt[UpperBD], left_gDiff_Pt[UpperBD], left_bDiff_Pt[UpperBD];
                                                           ^~~~~~~~~~~~~
../src/final.c:576:35: warning: variable 'left_gDiff_Pt' set but not used [-Wunused-but-set-variable]
     float left_rDiff_Pt[UpperBD], left_gDiff_Pt[UpperBD], left_bDiff_Pt[UpperBD];
                                   ^~~~~~~~~~~~~
../src/final.c:576:11: warning: variable 'left_rDiff_Pt' set but not used [-Wunused-but-set-variable]
     float left_rDiff_Pt[UpperBD], left_gDiff_Pt[UpperBD], left_bDiff_Pt[UpperBD];
           ^~~~~~~~~~~~~
../src/final.c:575:55: warning: variable 'bDiff_Point' set but not used [-Wunused-but-set-variable]
     float rDiff_Point[UpperBD], gDiff_Point[UpperBD], bDiff_Point[UpperBD];
                                                       ^~~~~~~~~~~
../src/final.c: In function 'drawTree':
../src/final.c:827:6: warning: unused variable 'level' [-Wunused-variable]
  int level = 0;
      ^~~~~
Finished building: ../src/final.c
 
Building target: DrawLine.axf
Invoking: MCU Linker
arm-none-eabi-gcc -nostdlib -L"/Users/haoyuanwang/Documents/MCUXpressoIDE_10.3.0/workspace5/CMSIS_CORE_LPC17xx/Debug" -Xlinker -Map="DrawLine.map" -Xlinker --gc-sections -Xlinker -print-memory-usage -mcpu=cortex-m3 -mthumb -T "DrawLine_Debug.ld" -o "DrawLine.axf"  ./src/cr_startup_lpc175x_6x.o ./src/crp.o ./src/final.o ./src/ssp.o   -lCMSIS_CORE_LPC17xx
Memory region         Used Size  Region Size  %age Used
       MFlash512:       35592 B       512 KB      6.79%
        RamLoc32:         784 B        32 KB      2.39%
        RamAHB32:          0 GB        32 KB      0.00%
Finished building target: DrawLine.axf
 
make --no-print-directory post-build
Performing post-build steps
arm-none-eabi-size "DrawLine.axf"; # arm-none-eabi-objcopy -v -O binary "DrawLine.axf" "DrawLine.bin" ; # checksum -p LPC1769 -d "DrawLine.bin";
   text	   data	    bss	    dec	    hex	filename
  35356	    236	    548	  36140	   8d2c	DrawLine.axf
 
15:10:06 **** Incremental Build of configuration Debug for project CMSIS_CORE_LPC17xx ****
make -r all 
make: Nothing to be done for `all'.
15:10:06 **** Incremental Build of configuration Debug for project DrawLine ****
make -r -j7 all 
Building file: ../src/final.c
Invoking: MCU C Compiler
arm-none-eabi-gcc -DDEBUG -D__CODE_RED -DCORE_M3 -D__USE_CMSIS=CMSIS_CORE_LPC17xx -D__LPC17XX__ -D__REDLIB__ -I"/Users/haoyuanwang/Documents/MCUXpressoIDE_10.3.0/workspace5/CMSIS_CORE_LPC17xx/inc" -O0 -fno-common -g3 -Wall -c -fmessage-length=0 -fno-builtin -ffunction-sections -fdata-sections -mcpu=cortex-m3 -mthumb -specs=redlib.specs -MMD -MP -MF"src/final.d" -MT"src/final.o" -MT"src/final.d" -o "src/final.o" "../src/final.c"
../src/final.c: In function 'fillrect':
../src/final.c:176:10: warning: unused variable 'i' [-Wunused-variable]
  int16_t i;
          ^
../src/final.c: In function 'lcddelay':
../src/final.c:202:29: warning: statement with no effect [-Wunused-value]
  for ( i = count*ms; i--; i > 0);
                           ~~^~~
../src/final.c: In function 'diffuseReflectionLetter':
../src/final.c:549:9: warning: unused variable 'display_scaling' [-Wunused-variable]
     int display_scaling = 15000;
         ^~~~~~~~~~~~~~~
../src/final.c: In function 'interpolationWithLineDDA':
../src/final.c:598:41: warning: variable 'newy_bDiff_Pt' set but not used [-Wunused-but-set-variable]
     float newy_rDiff_Pt, newy_gDiff_Pt, newy_bDiff_Pt; //for interpolation
                                         ^~~~~~~~~~~~~
../src/final.c:598:26: warning: variable 'newy_gDiff_Pt' set but not used [-Wunused-but-set-variable]
     float newy_rDiff_Pt, newy_gDiff_Pt, newy_bDiff_Pt; //for interpolation
                          ^~~~~~~~~~~~~
../src/final.c:597:41: warning: variable 'newx_bDiff_Pt' set but not used [-Wunused-but-set-variable]
     float newx_rDiff_Pt, newx_gDiff_Pt, newx_bDiff_Pt; //for interpolation
                                         ^~~~~~~~~~~~~
../src/final.c:597:26: warning: variable 'newx_gDiff_Pt' set but not used [-Wunused-but-set-variable]
     float newx_rDiff_Pt, newx_gDiff_Pt, newx_bDiff_Pt; //for interpolation
                          ^~~~~~~~~~~~~
../src/final.c:577:61: warning: variable 'right_bDiff_Pt' set but not used [-Wunused-but-set-variable]
     float right_rDiff_Pt[UpperBD], right_gDiff_Pt[UpperBD], right_bDiff_Pt[UpperBD];
                                                             ^~~~~~~~~~~~~~
../src/final.c:577:36: warning: variable 'right_gDiff_Pt' set but not used [-Wunused-but-set-variable]
     float right_rDiff_Pt[UpperBD], right_gDiff_Pt[UpperBD], right_bDiff_Pt[UpperBD];
                                    ^~~~~~~~~~~~~~
../src/final.c:577:11: warning: variable 'right_rDiff_Pt' set but not used [-Wunused-but-set-variable]
     float right_rDiff_Pt[UpperBD], right_gDiff_Pt[UpperBD], right_bDiff_Pt[UpperBD];
           ^~~~~~~~~~~~~~
../src/final.c:576:59: warning: variable 'left_bDiff_Pt' set but not used [-Wunused-but-set-variable]
     float left_rDiff_Pt[UpperBD], left_gDiff_Pt[UpperBD], left_bDiff_Pt[UpperBD];
                                                           ^~~~~~~~~~~~~
../src/final.c:576:35: warning: variable 'left_gDiff_Pt' set but not used [-Wunused-but-set-variable]
     float left_rDiff_Pt[UpperBD], left_gDiff_Pt[UpperBD], left_bDiff_Pt[UpperBD];
                                   ^~~~~~~~~~~~~
../src/final.c:576:11: warning: variable 'left_rDiff_Pt' set but not used [-Wunused-but-set-variable]
     float left_rDiff_Pt[UpperBD], left_gDiff_Pt[UpperBD], left_bDiff_Pt[UpperBD];
           ^~~~~~~~~~~~~
../src/final.c:575:55: warning: variable 'bDiff_Point' set but not used [-Wunused-but-set-variable]
     float rDiff_Point[UpperBD], gDiff_Point[UpperBD], bDiff_Point[UpperBD];
                                                       ^~~~~~~~~~~
../src/final.c: In function 'drawTree':
../src/final.c:827:6: warning: unused variable 'level' [-Wunused-variable]
  int level = 0;
      ^~~~~
Finished building: ../src/final.c
 
Building target: DrawLine.axf
Invoking: MCU Linker
arm-none-eabi-gcc -nostdlib -L"/Users/haoyuanwang/Documents/MCUXpressoIDE_10.3.0/workspace5/CMSIS_CORE_LPC17xx/Debug" -Xlinker -Map="DrawLine.map" -Xlinker --gc-sections -Xlinker -print-memory-usage -mcpu=cortex-m3 -mthumb -T "DrawLine_Debug.ld" -o "DrawLine.axf"  ./src/cr_startup_lpc175x_6x.o ./src/crp.o ./src/final.o ./src/ssp.o   -lCMSIS_CORE_LPC17xx
Memory region         Used Size  Region Size  %age Used
       MFlash512:       35592 B       512 KB      6.79%
        RamLoc32:         784 B        32 KB      2.39%
        RamAHB32:          0 GB        32 KB      0.00%
Finished building target: DrawLine.axf
 
make --no-print-directory post-build
Performing post-build steps
arm-none-eabi-size "DrawLine.axf"; # arm-none-eabi-objcopy -v -O binary "DrawLine.axf" "DrawLine.bin" ; # checksum -p LPC1769 -d "DrawLine.bin";
   text	   data	    bss	    dec	    hex	filename
  35356	    236	    548	  36140	   8d2c	DrawLine.axf
 
15:10:46 **** Incremental Build of configuration Debug for project CMSIS_CORE_LPC17xx ****
make -r all 
make: Nothing to be done for `all'.
15:10:46 **** Incremental Build of configuration Debug for project DrawLine ****
make -r -j7 all 
Building file: ../src/final.c
Invoking: MCU C Compiler
arm-none-eabi-gcc -DDEBUG -D__CODE_RED -DCORE_M3 -D__USE_CMSIS=CMSIS_CORE_LPC17xx -D__LPC17XX__ -D__REDLIB__ -I"/Users/haoyuanwang/Documents/MCUXpressoIDE_10.3.0/workspace5/CMSIS_CORE_LPC17xx/inc" -O0 -fno-common -g3 -Wall -c -fmessage-length=0 -fno-builtin -ffunction-sections -fdata-sections -mcpu=cortex-m3 -mthumb -specs=redlib.specs -MMD -MP -MF"src/final.d" -MT"src/final.o" -MT"src/final.d" -o "src/final.o" "../src/final.c"
../src/final.c: In function 'fillrect':
../src/final.c:176:10: warning: unused variable 'i' [-Wunused-variable]
  int16_t i;
          ^
../src/final.c: In function 'lcddelay':
../src/final.c:202:29: warning: statement with no effect [-Wunused-value]
  for ( i = count*ms; i--; i > 0);
                           ~~^~~
../src/final.c: In function 'diffuseReflectionLetter':
../src/final.c:549:9: warning: unused variable 'display_scaling' [-Wunused-variable]
     int display_scaling = 15000;
         ^~~~~~~~~~~~~~~
../src/final.c: In function 'interpolationWithLineDDA':
../src/final.c:598:41: warning: variable 'newy_bDiff_Pt' set but not used [-Wunused-but-set-variable]
     float newy_rDiff_Pt, newy_gDiff_Pt, newy_bDiff_Pt; //for interpolation
                                         ^~~~~~~~~~~~~
../src/final.c:598:26: warning: variable 'newy_gDiff_Pt' set but not used [-Wunused-but-set-variable]
     float newy_rDiff_Pt, newy_gDiff_Pt, newy_bDiff_Pt; //for interpolation
                          ^~~~~~~~~~~~~
../src/final.c:597:41: warning: variable 'newx_bDiff_Pt' set but not used [-Wunused-but-set-variable]
     float newx_rDiff_Pt, newx_gDiff_Pt, newx_bDiff_Pt; //for interpolation
                                         ^~~~~~~~~~~~~
../src/final.c:597:26: warning: variable 'newx_gDiff_Pt' set but not used [-Wunused-but-set-variable]
     float newx_rDiff_Pt, newx_gDiff_Pt, newx_bDiff_Pt; //for interpolation
                          ^~~~~~~~~~~~~
../src/final.c:577:61: warning: variable 'right_bDiff_Pt' set but not used [-Wunused-but-set-variable]
     float right_rDiff_Pt[UpperBD], right_gDiff_Pt[UpperBD], right_bDiff_Pt[UpperBD];
                                                             ^~~~~~~~~~~~~~
../src/final.c:577:36: warning: variable 'right_gDiff_Pt' set but not used [-Wunused-but-set-variable]
     float right_rDiff_Pt[UpperBD], right_gDiff_Pt[UpperBD], right_bDiff_Pt[UpperBD];
                                    ^~~~~~~~~~~~~~
../src/final.c:577:11: warning: variable 'right_rDiff_Pt' set but not used [-Wunused-but-set-variable]
     float right_rDiff_Pt[UpperBD], right_gDiff_Pt[UpperBD], right_bDiff_Pt[UpperBD];
           ^~~~~~~~~~~~~~
../src/final.c:576:59: warning: variable 'left_bDiff_Pt' set but not used [-Wunused-but-set-variable]
     float left_rDiff_Pt[UpperBD], left_gDiff_Pt[UpperBD], left_bDiff_Pt[UpperBD];
                                                           ^~~~~~~~~~~~~
../src/final.c:576:35: warning: variable 'left_gDiff_Pt' set but not used [-Wunused-but-set-variable]
     float left_rDiff_Pt[UpperBD], left_gDiff_Pt[UpperBD], left_bDiff_Pt[UpperBD];
                                   ^~~~~~~~~~~~~
../src/final.c:576:11: warning: variable 'left_rDiff_Pt' set but not used [-Wunused-but-set-variable]
     float left_rDiff_Pt[UpperBD], left_gDiff_Pt[UpperBD], left_bDiff_Pt[UpperBD];
           ^~~~~~~~~~~~~
../src/final.c:575:55: warning: variable 'bDiff_Point' set but not used [-Wunused-but-set-variable]
     float rDiff_Point[UpperBD], gDiff_Point[UpperBD], bDiff_Point[UpperBD];
                                                       ^~~~~~~~~~~
../src/final.c: In function 'drawTree':
../src/final.c:827:6: warning: unused variable 'level' [-Wunused-variable]
  int level = 0;
      ^~~~~
Finished building: ../src/final.c
 
Building target: DrawLine.axf
Invoking: MCU Linker
arm-none-eabi-gcc -nostdlib -L"/Users/haoyuanwang/Documents/MCUXpressoIDE_10.3.0/workspace5/CMSIS_CORE_LPC17xx/Debug" -Xlinker -Map="DrawLine.map" -Xlinker --gc-sections -Xlinker -print-memory-usage -mcpu=cortex-m3 -mthumb -T "DrawLine_Debug.ld" -o "DrawLine.axf"  ./src/cr_startup_lpc175x_6x.o ./src/crp.o ./src/final.o ./src/ssp.o   -lCMSIS_CORE_LPC17xx
Memory region         Used Size  Region Size  %age Used
       MFlash512:       35592 B       512 KB      6.79%
        RamLoc32:         784 B        32 KB      2.39%
        RamAHB32:          0 GB        32 KB      0.00%
Finished building target: DrawLine.axf
 
make --no-print-directory post-build
Performing post-build steps
arm-none-eabi-size "DrawLine.axf"; # arm-none-eabi-objcopy -v -O binary "DrawLine.axf" "DrawLine.bin" ; # checksum -p LPC1769 -d "DrawLine.bin";
   text	   data	    bss	    dec	    hex	filename
  35356	    236	    548	  36140	   8d2c	DrawLine.axf
 
15:12:35 **** Incremental Build of configuration Debug for project CMSIS_CORE_LPC17xx ****
make -r all 
make: Nothing to be done for `all'.
15:12:35 **** Incremental Build of configuration Debug for project DrawLine ****
make -r -j7 all 
Building file: ../src/final.c
Invoking: MCU C Compiler
arm-none-eabi-gcc -DDEBUG -D__CODE_RED -DCORE_M3 -D__USE_CMSIS=CMSIS_CORE_LPC17xx -D__LPC17XX__ -D__REDLIB__ -I"/Users/haoyuanwang/Documents/MCUXpressoIDE_10.3.0/workspace5/CMSIS_CORE_LPC17xx/inc" -O0 -fno-common -g3 -Wall -c -fmessage-length=0 -fno-builtin -ffunction-sections -fdata-sections -mcpu=cortex-m3 -mthumb -specs=redlib.specs -MMD -MP -MF"src/final.d" -MT"src/final.o" -MT"src/final.d" -o "src/final.o" "../src/final.c"
../src/final.c: In function 'fillrect':
../src/final.c:176:10: warning: unused variable 'i' [-Wunused-variable]
  int16_t i;
          ^
../src/final.c: In function 'lcddelay':
../src/final.c:202:29: warning: statement with no effect [-Wunused-value]
  for ( i = count*ms; i--; i > 0);
                           ~~^~~
../src/final.c: In function 'diffuseReflectionLetter':
../src/final.c:549:9: warning: unused variable 'display_scaling' [-Wunused-variable]
     int display_scaling = 15000;
         ^~~~~~~~~~~~~~~
../src/final.c: In function 'interpolationWithLineDDA':
../src/final.c:598:41: warning: variable 'newy_bDiff_Pt' set but not used [-Wunused-but-set-variable]
     float newy_rDiff_Pt, newy_gDiff_Pt, newy_bDiff_Pt; //for interpolation
                                         ^~~~~~~~~~~~~
../src/final.c:598:26: warning: variable 'newy_gDiff_Pt' set but not used [-Wunused-but-set-variable]
     float newy_rDiff_Pt, newy_gDiff_Pt, newy_bDiff_Pt; //for interpolation
                          ^~~~~~~~~~~~~
../src/final.c:597:41: warning: variable 'newx_bDiff_Pt' set but not used [-Wunused-but-set-variable]
     float newx_rDiff_Pt, newx_gDiff_Pt, newx_bDiff_Pt; //for interpolation
                                         ^~~~~~~~~~~~~
../src/final.c:597:26: warning: variable 'newx_gDiff_Pt' set but not used [-Wunused-but-set-variable]
     float newx_rDiff_Pt, newx_gDiff_Pt, newx_bDiff_Pt; //for interpolation
                          ^~~~~~~~~~~~~
../src/final.c:577:61: warning: variable 'right_bDiff_Pt' set but not used [-Wunused-but-set-variable]
     float right_rDiff_Pt[UpperBD], right_gDiff_Pt[UpperBD], right_bDiff_Pt[UpperBD];
                                                             ^~~~~~~~~~~~~~
../src/final.c:577:36: warning: variable 'right_gDiff_Pt' set but not used [-Wunused-but-set-variable]
     float right_rDiff_Pt[UpperBD], right_gDiff_Pt[UpperBD], right_bDiff_Pt[UpperBD];
                                    ^~~~~~~~~~~~~~
../src/final.c:577:11: warning: variable 'right_rDiff_Pt' set but not used [-Wunused-but-set-variable]
     float right_rDiff_Pt[UpperBD], right_gDiff_Pt[UpperBD], right_bDiff_Pt[UpperBD];
           ^~~~~~~~~~~~~~
../src/final.c:576:59: warning: variable 'left_bDiff_Pt' set but not used [-Wunused-but-set-variable]
     float left_rDiff_Pt[UpperBD], left_gDiff_Pt[UpperBD], left_bDiff_Pt[UpperBD];
                                                           ^~~~~~~~~~~~~
../src/final.c:576:35: warning: variable 'left_gDiff_Pt' set but not used [-Wunused-but-set-variable]
     float left_rDiff_Pt[UpperBD], left_gDiff_Pt[UpperBD], left_bDiff_Pt[UpperBD];
                                   ^~~~~~~~~~~~~
../src/final.c:576:11: warning: variable 'left_rDiff_Pt' set but not used [-Wunused-but-set-variable]
     float left_rDiff_Pt[UpperBD], left_gDiff_Pt[UpperBD], left_bDiff_Pt[UpperBD];
           ^~~~~~~~~~~~~
../src/final.c:575:55: warning: variable 'bDiff_Point' set but not used [-Wunused-but-set-variable]
     float rDiff_Point[UpperBD], gDiff_Point[UpperBD], bDiff_Point[UpperBD];
                                                       ^~~~~~~~~~~
../src/final.c: In function 'drawTree':
../src/final.c:827:6: warning: unused variable 'level' [-Wunused-variable]
  int level = 0;
      ^~~~~
Finished building: ../src/final.c
 
Building target: DrawLine.axf
Invoking: MCU Linker
arm-none-eabi-gcc -nostdlib -L"/Users/haoyuanwang/Documents/MCUXpressoIDE_10.3.0/workspace5/CMSIS_CORE_LPC17xx/Debug" -Xlinker -Map="DrawLine.map" -Xlinker --gc-sections -Xlinker -print-memory-usage -mcpu=cortex-m3 -mthumb -T "DrawLine_Debug.ld" -o "DrawLine.axf"  ./src/cr_startup_lpc175x_6x.o ./src/crp.o ./src/final.o ./src/ssp.o   -lCMSIS_CORE_LPC17xx
Memory region         Used Size  Region Size  %age Used
       MFlash512:       35608 B       512 KB      6.79%
        RamLoc32:         784 B        32 KB      2.39%
        RamAHB32:          0 GB        32 KB      0.00%
Finished building target: DrawLine.axf
 
make --no-print-directory post-build
Performing post-build steps
arm-none-eabi-size "DrawLine.axf"; # arm-none-eabi-objcopy -v -O binary "DrawLine.axf" "DrawLine.bin" ; # checksum -p LPC1769 -d "DrawLine.bin";
   text	   data	    bss	    dec	    hex	filename
  35372	    236	    548	  36156	   8d3c	DrawLine.axf
 
15:17:26 **** Incremental Build of configuration Debug for project CMSIS_CORE_LPC17xx ****
make -r all 
make: Nothing to be done for `all'.
15:17:26 **** Incremental Build of configuration Debug for project DrawLine ****
make -r -j7 all 
Building file: ../src/final.c
Invoking: MCU C Compiler
arm-none-eabi-gcc -DDEBUG -D__CODE_RED -DCORE_M3 -D__USE_CMSIS=CMSIS_CORE_LPC17xx -D__LPC17XX__ -D__REDLIB__ -I"/Users/haoyuanwang/Documents/MCUXpressoIDE_10.3.0/workspace5/CMSIS_CORE_LPC17xx/inc" -O0 -fno-common -g3 -Wall -c -fmessage-length=0 -fno-builtin -ffunction-sections -fdata-sections -mcpu=cortex-m3 -mthumb -specs=redlib.specs -MMD -MP -MF"src/final.d" -MT"src/final.o" -MT"src/final.d" -o "src/final.o" "../src/final.c"
../src/final.c: In function 'fillrect':
../src/final.c:176:10: warning: unused variable 'i' [-Wunused-variable]
  int16_t i;
          ^
../src/final.c: In function 'lcddelay':
../src/final.c:202:29: warning: statement with no effect [-Wunused-value]
  for ( i = count*ms; i--; i > 0);
                           ~~^~~
../src/final.c: In function 'diffuseReflectionLetter':
../src/final.c:549:9: warning: unused variable 'display_scaling' [-Wunused-variable]
     int display_scaling = 15000;
         ^~~~~~~~~~~~~~~
../src/final.c: In function 'interpolationWithLineDDA':
../src/final.c:598:41: warning: variable 'newy_bDiff_Pt' set but not used [-Wunused-but-set-variable]
     float newy_rDiff_Pt, newy_gDiff_Pt, newy_bDiff_Pt; //for interpolation
                                         ^~~~~~~~~~~~~
../src/final.c:598:26: warning: variable 'newy_gDiff_Pt' set but not used [-Wunused-but-set-variable]
     float newy_rDiff_Pt, newy_gDiff_Pt, newy_bDiff_Pt; //for interpolation
                          ^~~~~~~~~~~~~
../src/final.c:597:41: warning: variable 'newx_bDiff_Pt' set but not used [-Wunused-but-set-variable]
     float newx_rDiff_Pt, newx_gDiff_Pt, newx_bDiff_Pt; //for interpolation
                                         ^~~~~~~~~~~~~
../src/final.c:597:26: warning: variable 'newx_gDiff_Pt' set but not used [-Wunused-but-set-variable]
     float newx_rDiff_Pt, newx_gDiff_Pt, newx_bDiff_Pt; //for interpolation
                          ^~~~~~~~~~~~~
../src/final.c:577:61: warning: variable 'right_bDiff_Pt' set but not used [-Wunused-but-set-variable]
     float right_rDiff_Pt[UpperBD], right_gDiff_Pt[UpperBD], right_bDiff_Pt[UpperBD];
                                                             ^~~~~~~~~~~~~~
../src/final.c:577:36: warning: variable 'right_gDiff_Pt' set but not used [-Wunused-but-set-variable]
     float right_rDiff_Pt[UpperBD], right_gDiff_Pt[UpperBD], right_bDiff_Pt[UpperBD];
                                    ^~~~~~~~~~~~~~
../src/final.c:577:11: warning: variable 'right_rDiff_Pt' set but not used [-Wunused-but-set-variable]
     float right_rDiff_Pt[UpperBD], right_gDiff_Pt[UpperBD], right_bDiff_Pt[UpperBD];
           ^~~~~~~~~~~~~~
../src/final.c:576:59: warning: variable 'left_bDiff_Pt' set but not used [-Wunused-but-set-variable]
     float left_rDiff_Pt[UpperBD], left_gDiff_Pt[UpperBD], left_bDiff_Pt[UpperBD];
                                                           ^~~~~~~~~~~~~
../src/final.c:576:35: warning: variable 'left_gDiff_Pt' set but not used [-Wunused-but-set-variable]
     float left_rDiff_Pt[UpperBD], left_gDiff_Pt[UpperBD], left_bDiff_Pt[UpperBD];
                                   ^~~~~~~~~~~~~
../src/final.c:576:11: warning: variable 'left_rDiff_Pt' set but not used [-Wunused-but-set-variable]
     float left_rDiff_Pt[UpperBD], left_gDiff_Pt[UpperBD], left_bDiff_Pt[UpperBD];
           ^~~~~~~~~~~~~
../src/final.c:575:55: warning: variable 'bDiff_Point' set but not used [-Wunused-but-set-variable]
     float rDiff_Point[UpperBD], gDiff_Point[UpperBD], bDiff_Point[UpperBD];
                                                       ^~~~~~~~~~~
../src/final.c: In function 'drawTree':
../src/final.c:827:6: warning: unused variable 'level' [-Wunused-variable]
  int level = 0;
      ^~~~~
Finished building: ../src/final.c
 
Building target: DrawLine.axf
Invoking: MCU Linker
arm-none-eabi-gcc -nostdlib -L"/Users/haoyuanwang/Documents/MCUXpressoIDE_10.3.0/workspace5/CMSIS_CORE_LPC17xx/Debug" -Xlinker -Map="DrawLine.map" -Xlinker --gc-sections -Xlinker -print-memory-usage -mcpu=cortex-m3 -mthumb -T "DrawLine_Debug.ld" -o "DrawLine.axf"  ./src/cr_startup_lpc175x_6x.o ./src/crp.o ./src/final.o ./src/ssp.o   -lCMSIS_CORE_LPC17xx
Memory region         Used Size  Region Size  %age Used
       MFlash512:       35608 B       512 KB      6.79%
        RamLoc32:         784 B        32 KB      2.39%
        RamAHB32:          0 GB        32 KB      0.00%
Finished building target: DrawLine.axf
 
make --no-print-directory post-build
Performing post-build steps
arm-none-eabi-size "DrawLine.axf"; # arm-none-eabi-objcopy -v -O binary "DrawLine.axf" "DrawLine.bin" ; # checksum -p LPC1769 -d "DrawLine.bin";
   text	   data	    bss	    dec	    hex	filename
  35372	    236	    548	  36156	   8d3c	DrawLine.axf
 
15:24:35 **** Incremental Build of configuration Debug for project CMSIS_CORE_LPC17xx ****
make -r all 
make: Nothing to be done for `all'.
15:24:35 **** Incremental Build of configuration Debug for project DrawLine ****
make -r -j7 all 
Building file: ../src/final.c
Invoking: MCU C Compiler
arm-none-eabi-gcc -DDEBUG -D__CODE_RED -DCORE_M3 -D__USE_CMSIS=CMSIS_CORE_LPC17xx -D__LPC17XX__ -D__REDLIB__ -I"/Users/haoyuanwang/Documents/MCUXpressoIDE_10.3.0/workspace5/CMSIS_CORE_LPC17xx/inc" -O0 -fno-common -g3 -Wall -c -fmessage-length=0 -fno-builtin -ffunction-sections -fdata-sections -mcpu=cortex-m3 -mthumb -specs=redlib.specs -MMD -MP -MF"src/final.d" -MT"src/final.o" -MT"src/final.d" -o "src/final.o" "../src/final.c"
../src/final.c: In function 'fillrect':
../src/final.c:176:10: warning: unused variable 'i' [-Wunused-variable]
  int16_t i;
          ^
../src/final.c: In function 'lcddelay':
../src/final.c:202:29: warning: statement with no effect [-Wunused-value]
  for ( i = count*ms; i--; i > 0);
                           ~~^~~
../src/final.c: In function 'diffuseReflectionLetter':
../src/final.c:549:9: warning: unused variable 'display_scaling' [-Wunused-variable]
     int display_scaling = 15000;
         ^~~~~~~~~~~~~~~
../src/final.c: In function 'interpolationWithLineDDA':
../src/final.c:598:41: warning: variable 'newy_bDiff_Pt' set but not used [-Wunused-but-set-variable]
     float newy_rDiff_Pt, newy_gDiff_Pt, newy_bDiff_Pt; //for interpolation
                                         ^~~~~~~~~~~~~
../src/final.c:598:26: warning: variable 'newy_gDiff_Pt' set but not used [-Wunused-but-set-variable]
     float newy_rDiff_Pt, newy_gDiff_Pt, newy_bDiff_Pt; //for interpolation
                          ^~~~~~~~~~~~~
../src/final.c:597:41: warning: variable 'newx_bDiff_Pt' set but not used [-Wunused-but-set-variable]
     float newx_rDiff_Pt, newx_gDiff_Pt, newx_bDiff_Pt; //for interpolation
                                         ^~~~~~~~~~~~~
../src/final.c:597:26: warning: variable 'newx_gDiff_Pt' set but not used [-Wunused-but-set-variable]
     float newx_rDiff_Pt, newx_gDiff_Pt, newx_bDiff_Pt; //for interpolation
                          ^~~~~~~~~~~~~
../src/final.c:577:61: warning: variable 'right_bDiff_Pt' set but not used [-Wunused-but-set-variable]
     float right_rDiff_Pt[UpperBD], right_gDiff_Pt[UpperBD], right_bDiff_Pt[UpperBD];
                                                             ^~~~~~~~~~~~~~
../src/final.c:577:36: warning: variable 'right_gDiff_Pt' set but not used [-Wunused-but-set-variable]
     float right_rDiff_Pt[UpperBD], right_gDiff_Pt[UpperBD], right_bDiff_Pt[UpperBD];
                                    ^~~~~~~~~~~~~~
../src/final.c:577:11: warning: variable 'right_rDiff_Pt' set but not used [-Wunused-but-set-variable]
     float right_rDiff_Pt[UpperBD], right_gDiff_Pt[UpperBD], right_bDiff_Pt[UpperBD];
           ^~~~~~~~~~~~~~
../src/final.c:576:59: warning: variable 'left_bDiff_Pt' set but not used [-Wunused-but-set-variable]
     float left_rDiff_Pt[UpperBD], left_gDiff_Pt[UpperBD], left_bDiff_Pt[UpperBD];
                                                           ^~~~~~~~~~~~~
../src/final.c:576:35: warning: variable 'left_gDiff_Pt' set but not used [-Wunused-but-set-variable]
     float left_rDiff_Pt[UpperBD], left_gDiff_Pt[UpperBD], left_bDiff_Pt[UpperBD];
                                   ^~~~~~~~~~~~~
../src/final.c:576:11: warning: variable 'left_rDiff_Pt' set but not used [-Wunused-but-set-variable]
     float left_rDiff_Pt[UpperBD], left_gDiff_Pt[UpperBD], left_bDiff_Pt[UpperBD];
           ^~~~~~~~~~~~~
../src/final.c:575:55: warning: variable 'bDiff_Point' set but not used [-Wunused-but-set-variable]
     float rDiff_Point[UpperBD], gDiff_Point[UpperBD], bDiff_Point[UpperBD];
                                                       ^~~~~~~~~~~
../src/final.c: In function 'drawTree':
../src/final.c:827:6: warning: unused variable 'level' [-Wunused-variable]
  int level = 0;
      ^~~~~
Finished building: ../src/final.c
 
Building target: DrawLine.axf
Invoking: MCU Linker
arm-none-eabi-gcc -nostdlib -L"/Users/haoyuanwang/Documents/MCUXpressoIDE_10.3.0/workspace5/CMSIS_CORE_LPC17xx/Debug" -Xlinker -Map="DrawLine.map" -Xlinker --gc-sections -Xlinker -print-memory-usage -mcpu=cortex-m3 -mthumb -T "DrawLine_Debug.ld" -o "DrawLine.axf"  ./src/cr_startup_lpc175x_6x.o ./src/crp.o ./src/final.o ./src/ssp.o   -lCMSIS_CORE_LPC17xx
Memory region         Used Size  Region Size  %age Used
       MFlash512:       35608 B       512 KB      6.79%
        RamLoc32:         784 B        32 KB      2.39%
        RamAHB32:          0 GB        32 KB      0.00%
Finished building target: DrawLine.axf
 
make --no-print-directory post-build
Performing post-build steps
arm-none-eabi-size "DrawLine.axf"; # arm-none-eabi-objcopy -v -O binary "DrawLine.axf" "DrawLine.bin" ; # checksum -p LPC1769 -d "DrawLine.bin";
   text	   data	    bss	    dec	    hex	filename
  35372	    236	    548	  36156	   8d3c	DrawLine.axf
 
15:25:28 **** Incremental Build of configuration Debug for project CMSIS_CORE_LPC17xx ****
make -r all 
make: Nothing to be done for `all'.
15:25:29 **** Incremental Build of configuration Debug for project DrawLine ****
make -r -j7 all 
Building file: ../src/final.c
Invoking: MCU C Compiler
arm-none-eabi-gcc -DDEBUG -D__CODE_RED -DCORE_M3 -D__USE_CMSIS=CMSIS_CORE_LPC17xx -D__LPC17XX__ -D__REDLIB__ -I"/Users/haoyuanwang/Documents/MCUXpressoIDE_10.3.0/workspace5/CMSIS_CORE_LPC17xx/inc" -O0 -fno-common -g3 -Wall -c -fmessage-length=0 -fno-builtin -ffunction-sections -fdata-sections -mcpu=cortex-m3 -mthumb -specs=redlib.specs -MMD -MP -MF"src/final.d" -MT"src/final.o" -MT"src/final.d" -o "src/final.o" "../src/final.c"
../src/final.c: In function 'fillrect':
../src/final.c:176:10: warning: unused variable 'i' [-Wunused-variable]
  int16_t i;
          ^
../src/final.c: In function 'lcddelay':
../src/final.c:202:29: warning: statement with no effect [-Wunused-value]
  for ( i = count*ms; i--; i > 0);
                           ~~^~~
../src/final.c: In function 'diffuseReflectionLetter':
../src/final.c:549:9: warning: unused variable 'display_scaling' [-Wunused-variable]
     int display_scaling = 15000;
         ^~~~~~~~~~~~~~~
../src/final.c: In function 'interpolationWithLineDDA':
../src/final.c:598:41: warning: variable 'newy_bDiff_Pt' set but not used [-Wunused-but-set-variable]
     float newy_rDiff_Pt, newy_gDiff_Pt, newy_bDiff_Pt; //for interpolation
                                         ^~~~~~~~~~~~~
../src/final.c:598:26: warning: variable 'newy_gDiff_Pt' set but not used [-Wunused-but-set-variable]
     float newy_rDiff_Pt, newy_gDiff_Pt, newy_bDiff_Pt; //for interpolation
                          ^~~~~~~~~~~~~
../src/final.c:597:41: warning: variable 'newx_bDiff_Pt' set but not used [-Wunused-but-set-variable]
     float newx_rDiff_Pt, newx_gDiff_Pt, newx_bDiff_Pt; //for interpolation
                                         ^~~~~~~~~~~~~
../src/final.c:597:26: warning: variable 'newx_gDiff_Pt' set but not used [-Wunused-but-set-variable]
     float newx_rDiff_Pt, newx_gDiff_Pt, newx_bDiff_Pt; //for interpolation
                          ^~~~~~~~~~~~~
../src/final.c:577:61: warning: variable 'right_bDiff_Pt' set but not used [-Wunused-but-set-variable]
     float right_rDiff_Pt[UpperBD], right_gDiff_Pt[UpperBD], right_bDiff_Pt[UpperBD];
                                                             ^~~~~~~~~~~~~~
../src/final.c:577:36: warning: variable 'right_gDiff_Pt' set but not used [-Wunused-but-set-variable]
     float right_rDiff_Pt[UpperBD], right_gDiff_Pt[UpperBD], right_bDiff_Pt[UpperBD];
                                    ^~~~~~~~~~~~~~
../src/final.c:577:11: warning: variable 'right_rDiff_Pt' set but not used [-Wunused-but-set-variable]
     float right_rDiff_Pt[UpperBD], right_gDiff_Pt[UpperBD], right_bDiff_Pt[UpperBD];
           ^~~~~~~~~~~~~~
../src/final.c:576:59: warning: variable 'left_bDiff_Pt' set but not used [-Wunused-but-set-variable]
     float left_rDiff_Pt[UpperBD], left_gDiff_Pt[UpperBD], left_bDiff_Pt[UpperBD];
                                                           ^~~~~~~~~~~~~
../src/final.c:576:35: warning: variable 'left_gDiff_Pt' set but not used [-Wunused-but-set-variable]
     float left_rDiff_Pt[UpperBD], left_gDiff_Pt[UpperBD], left_bDiff_Pt[UpperBD];
                                   ^~~~~~~~~~~~~
../src/final.c:576:11: warning: variable 'left_rDiff_Pt' set but not used [-Wunused-but-set-variable]
     float left_rDiff_Pt[UpperBD], left_gDiff_Pt[UpperBD], left_bDiff_Pt[UpperBD];
           ^~~~~~~~~~~~~
../src/final.c:575:55: warning: variable 'bDiff_Point' set but not used [-Wunused-but-set-variable]
     float rDiff_Point[UpperBD], gDiff_Point[UpperBD], bDiff_Point[UpperBD];
                                                       ^~~~~~~~~~~
../src/final.c: In function 'drawTree':
../src/final.c:827:6: warning: unused variable 'level' [-Wunused-variable]
  int level = 0;
      ^~~~~
Finished building: ../src/final.c
 
Building target: DrawLine.axf
Invoking: MCU Linker
arm-none-eabi-gcc -nostdlib -L"/Users/haoyuanwang/Documents/MCUXpressoIDE_10.3.0/workspace5/CMSIS_CORE_LPC17xx/Debug" -Xlinker -Map="DrawLine.map" -Xlinker --gc-sections -Xlinker -print-memory-usage -mcpu=cortex-m3 -mthumb -T "DrawLine_Debug.ld" -o "DrawLine.axf"  ./src/cr_startup_lpc175x_6x.o ./src/crp.o ./src/final.o ./src/ssp.o   -lCMSIS_CORE_LPC17xx
Memory region         Used Size  Region Size  %age Used
       MFlash512:       35608 B       512 KB      6.79%
        RamLoc32:         784 B        32 KB      2.39%
        RamAHB32:          0 GB        32 KB      0.00%
Finished building target: DrawLine.axf
 
make --no-print-directory post-build
Performing post-build steps
arm-none-eabi-size "DrawLine.axf"; # arm-none-eabi-objcopy -v -O binary "DrawLine.axf" "DrawLine.bin" ; # checksum -p LPC1769 -d "DrawLine.bin";
   text	   data	    bss	    dec	    hex	filename
  35372	    236	    548	  36156	   8d3c	DrawLine.axf
 
15:26:27 **** Incremental Build of configuration Debug for project CMSIS_CORE_LPC17xx ****
make -r all 
make: Nothing to be done for `all'.
15:26:27 **** Incremental Build of configuration Debug for project DrawLine ****
make -r -j7 all 
Building file: ../src/final.c
Invoking: MCU C Compiler
arm-none-eabi-gcc -DDEBUG -D__CODE_RED -DCORE_M3 -D__USE_CMSIS=CMSIS_CORE_LPC17xx -D__LPC17XX__ -D__REDLIB__ -I"/Users/haoyuanwang/Documents/MCUXpressoIDE_10.3.0/workspace5/CMSIS_CORE_LPC17xx/inc" -O0 -fno-common -g3 -Wall -c -fmessage-length=0 -fno-builtin -ffunction-sections -fdata-sections -mcpu=cortex-m3 -mthumb -specs=redlib.specs -MMD -MP -MF"src/final.d" -MT"src/final.o" -MT"src/final.d" -o "src/final.o" "../src/final.c"
../src/final.c: In function 'fillrect':
../src/final.c:176:10: warning: unused variable 'i' [-Wunused-variable]
  int16_t i;
          ^
../src/final.c: In function 'lcddelay':
../src/final.c:202:29: warning: statement with no effect [-Wunused-value]
  for ( i = count*ms; i--; i > 0);
                           ~~^~~
../src/final.c: In function 'diffuseReflectionLetter':
../src/final.c:549:9: warning: unused variable 'display_scaling' [-Wunused-variable]
     int display_scaling = 15000;
         ^~~~~~~~~~~~~~~
../src/final.c: In function 'interpolationWithLineDDA':
../src/final.c:598:41: warning: variable 'newy_bDiff_Pt' set but not used [-Wunused-but-set-variable]
     float newy_rDiff_Pt, newy_gDiff_Pt, newy_bDiff_Pt; //for interpolation
                                         ^~~~~~~~~~~~~
../src/final.c:598:26: warning: variable 'newy_gDiff_Pt' set but not used [-Wunused-but-set-variable]
     float newy_rDiff_Pt, newy_gDiff_Pt, newy_bDiff_Pt; //for interpolation
                          ^~~~~~~~~~~~~
../src/final.c:597:41: warning: variable 'newx_bDiff_Pt' set but not used [-Wunused-but-set-variable]
     float newx_rDiff_Pt, newx_gDiff_Pt, newx_bDiff_Pt; //for interpolation
                                         ^~~~~~~~~~~~~
../src/final.c:597:26: warning: variable 'newx_gDiff_Pt' set but not used [-Wunused-but-set-variable]
     float newx_rDiff_Pt, newx_gDiff_Pt, newx_bDiff_Pt; //for interpolation
                          ^~~~~~~~~~~~~
../src/final.c:577:61: warning: variable 'right_bDiff_Pt' set but not used [-Wunused-but-set-variable]
     float right_rDiff_Pt[UpperBD], right_gDiff_Pt[UpperBD], right_bDiff_Pt[UpperBD];
                                                             ^~~~~~~~~~~~~~
../src/final.c:577:36: warning: variable 'right_gDiff_Pt' set but not used [-Wunused-but-set-variable]
     float right_rDiff_Pt[UpperBD], right_gDiff_Pt[UpperBD], right_bDiff_Pt[UpperBD];
                                    ^~~~~~~~~~~~~~
../src/final.c:577:11: warning: variable 'right_rDiff_Pt' set but not used [-Wunused-but-set-variable]
     float right_rDiff_Pt[UpperBD], right_gDiff_Pt[UpperBD], right_bDiff_Pt[UpperBD];
           ^~~~~~~~~~~~~~
../src/final.c:576:59: warning: variable 'left_bDiff_Pt' set but not used [-Wunused-but-set-variable]
     float left_rDiff_Pt[UpperBD], left_gDiff_Pt[UpperBD], left_bDiff_Pt[UpperBD];
                                                           ^~~~~~~~~~~~~
../src/final.c:576:35: warning: variable 'left_gDiff_Pt' set but not used [-Wunused-but-set-variable]
     float left_rDiff_Pt[UpperBD], left_gDiff_Pt[UpperBD], left_bDiff_Pt[UpperBD];
                                   ^~~~~~~~~~~~~
../src/final.c:576:11: warning: variable 'left_rDiff_Pt' set but not used [-Wunused-but-set-variable]
     float left_rDiff_Pt[UpperBD], left_gDiff_Pt[UpperBD], left_bDiff_Pt[UpperBD];
           ^~~~~~~~~~~~~
../src/final.c:575:55: warning: variable 'bDiff_Point' set but not used [-Wunused-but-set-variable]
     float rDiff_Point[UpperBD], gDiff_Point[UpperBD], bDiff_Point[UpperBD];
                                                       ^~~~~~~~~~~
../src/final.c: In function 'drawTree':
../src/final.c:827:6: warning: unused variable 'level' [-Wunused-variable]
  int level = 0;
      ^~~~~
Finished building: ../src/final.c
 
Building target: DrawLine.axf
Invoking: MCU Linker
arm-none-eabi-gcc -nostdlib -L"/Users/haoyuanwang/Documents/MCUXpressoIDE_10.3.0/workspace5/CMSIS_CORE_LPC17xx/Debug" -Xlinker -Map="DrawLine.map" -Xlinker --gc-sections -Xlinker -print-memory-usage -mcpu=cortex-m3 -mthumb -T "DrawLine_Debug.ld" -o "DrawLine.axf"  ./src/cr_startup_lpc175x_6x.o ./src/crp.o ./src/final.o ./src/ssp.o   -lCMSIS_CORE_LPC17xx
Memory region         Used Size  Region Size  %age Used
       MFlash512:       35608 B       512 KB      6.79%
        RamLoc32:         784 B        32 KB      2.39%
        RamAHB32:          0 GB        32 KB      0.00%
Finished building target: DrawLine.axf
 
make --no-print-directory post-build
Performing post-build steps
arm-none-eabi-size "DrawLine.axf"; # arm-none-eabi-objcopy -v -O binary "DrawLine.axf" "DrawLine.bin" ; # checksum -p LPC1769 -d "DrawLine.bin";
   text	   data	    bss	    dec	    hex	filename
  35372	    236	    548	  36156	   8d3c	DrawLine.axf
 
15:27:22 **** Incremental Build of configuration Debug for project CMSIS_CORE_LPC17xx ****
make -r all 
make: Nothing to be done for `all'.
15:27:22 **** Incremental Build of configuration Debug for project DrawLine ****
make -r -j7 all 
Building file: ../src/final.c
Invoking: MCU C Compiler
arm-none-eabi-gcc -DDEBUG -D__CODE_RED -DCORE_M3 -D__USE_CMSIS=CMSIS_CORE_LPC17xx -D__LPC17XX__ -D__REDLIB__ -I"/Users/haoyuanwang/Documents/MCUXpressoIDE_10.3.0/workspace5/CMSIS_CORE_LPC17xx/inc" -O0 -fno-common -g3 -Wall -c -fmessage-length=0 -fno-builtin -ffunction-sections -fdata-sections -mcpu=cortex-m3 -mthumb -specs=redlib.specs -MMD -MP -MF"src/final.d" -MT"src/final.o" -MT"src/final.d" -o "src/final.o" "../src/final.c"
../src/final.c: In function 'fillrect':
../src/final.c:176:10: warning: unused variable 'i' [-Wunused-variable]
  int16_t i;
          ^
../src/final.c: In function 'lcddelay':
../src/final.c:202:29: warning: statement with no effect [-Wunused-value]
  for ( i = count*ms; i--; i > 0);
                           ~~^~~
../src/final.c: In function 'diffuseReflectionLetter':
../src/final.c:549:9: warning: unused variable 'display_scaling' [-Wunused-variable]
     int display_scaling = 15000;
         ^~~~~~~~~~~~~~~
../src/final.c: In function 'interpolationWithLineDDA':
../src/final.c:598:41: warning: variable 'newy_bDiff_Pt' set but not used [-Wunused-but-set-variable]
     float newy_rDiff_Pt, newy_gDiff_Pt, newy_bDiff_Pt; //for interpolation
                                         ^~~~~~~~~~~~~
../src/final.c:598:26: warning: variable 'newy_gDiff_Pt' set but not used [-Wunused-but-set-variable]
     float newy_rDiff_Pt, newy_gDiff_Pt, newy_bDiff_Pt; //for interpolation
                          ^~~~~~~~~~~~~
../src/final.c:597:41: warning: variable 'newx_bDiff_Pt' set but not used [-Wunused-but-set-variable]
     float newx_rDiff_Pt, newx_gDiff_Pt, newx_bDiff_Pt; //for interpolation
                                         ^~~~~~~~~~~~~
../src/final.c:597:26: warning: variable 'newx_gDiff_Pt' set but not used [-Wunused-but-set-variable]
     float newx_rDiff_Pt, newx_gDiff_Pt, newx_bDiff_Pt; //for interpolation
                          ^~~~~~~~~~~~~
../src/final.c:577:61: warning: variable 'right_bDiff_Pt' set but not used [-Wunused-but-set-variable]
     float right_rDiff_Pt[UpperBD], right_gDiff_Pt[UpperBD], right_bDiff_Pt[UpperBD];
                                                             ^~~~~~~~~~~~~~
../src/final.c:577:36: warning: variable 'right_gDiff_Pt' set but not used [-Wunused-but-set-variable]
     float right_rDiff_Pt[UpperBD], right_gDiff_Pt[UpperBD], right_bDiff_Pt[UpperBD];
                                    ^~~~~~~~~~~~~~
../src/final.c:577:11: warning: variable 'right_rDiff_Pt' set but not used [-Wunused-but-set-variable]
     float right_rDiff_Pt[UpperBD], right_gDiff_Pt[UpperBD], right_bDiff_Pt[UpperBD];
           ^~~~~~~~~~~~~~
../src/final.c:576:59: warning: variable 'left_bDiff_Pt' set but not used [-Wunused-but-set-variable]
     float left_rDiff_Pt[UpperBD], left_gDiff_Pt[UpperBD], left_bDiff_Pt[UpperBD];
                                                           ^~~~~~~~~~~~~
../src/final.c:576:35: warning: variable 'left_gDiff_Pt' set but not used [-Wunused-but-set-variable]
     float left_rDiff_Pt[UpperBD], left_gDiff_Pt[UpperBD], left_bDiff_Pt[UpperBD];
                                   ^~~~~~~~~~~~~
../src/final.c:576:11: warning: variable 'left_rDiff_Pt' set but not used [-Wunused-but-set-variable]
     float left_rDiff_Pt[UpperBD], left_gDiff_Pt[UpperBD], left_bDiff_Pt[UpperBD];
           ^~~~~~~~~~~~~
../src/final.c:575:55: warning: variable 'bDiff_Point' set but not used [-Wunused-but-set-variable]
     float rDiff_Point[UpperBD], gDiff_Point[UpperBD], bDiff_Point[UpperBD];
                                                       ^~~~~~~~~~~
../src/final.c: In function 'drawTree':
../src/final.c:827:6: warning: unused variable 'level' [-Wunused-variable]
  int level = 0;
      ^~~~~
Finished building: ../src/final.c
 
Building target: DrawLine.axf
Invoking: MCU Linker
arm-none-eabi-gcc -nostdlib -L"/Users/haoyuanwang/Documents/MCUXpressoIDE_10.3.0/workspace5/CMSIS_CORE_LPC17xx/Debug" -Xlinker -Map="DrawLine.map" -Xlinker --gc-sections -Xlinker -print-memory-usage -mcpu=cortex-m3 -mthumb -T "DrawLine_Debug.ld" -o "DrawLine.axf"  ./src/cr_startup_lpc175x_6x.o ./src/crp.o ./src/final.o ./src/ssp.o   -lCMSIS_CORE_LPC17xx
Memory region         Used Size  Region Size  %age Used
       MFlash512:       35608 B       512 KB      6.79%
        RamLoc32:         784 B        32 KB      2.39%
        RamAHB32:          0 GB        32 KB      0.00%
Finished building target: DrawLine.axf
 
make --no-print-directory post-build
Performing post-build steps
arm-none-eabi-size "DrawLine.axf"; # arm-none-eabi-objcopy -v -O binary "DrawLine.axf" "DrawLine.bin" ; # checksum -p LPC1769 -d "DrawLine.bin";
   text	   data	    bss	    dec	    hex	filename
  35372	    236	    548	  36156	   8d3c	DrawLine.axf
 
